// Jest Snapshot v1, https://goo.gl/fbAQLP

exports[`Paragraph renders correctly 1`] = `
<div
  className="sc-bdfBwQ gSQAtd"
>
  <p
    className="sc-gsTCUz bGwQZY"
    dangerouslySetInnerHTML={
      Object {
        "__html": "Lorem ipsum dolor sit amet, consectetur adipiscing elit, sed do eiusmod tempor incididunt ut labore et dolore magna aliqua.",
      }
    }
  />
  <p
    className="sc-gsTCUz bGwQZY"
    dangerouslySetInnerHTML={
      Object {
        "__html": "Ut enim ad minim veniam, quis nostrud exercitation ullamco laboris nisi ut aliquip ex ea commodo consequat.",
      }
    }
  />
</div>
`;
