// Jest Snapshot v1, https://goo.gl/fbAQLP

exports[`Page renders correctly 1`] = `
<div
  className="sc-AxjAm bMqUCa"
>
  <span>
    Lorem ipsum
  </span>
</div>
`;
